Archive member included because of file (symbol)

/home/pi/git/esp-open-sdk/sdk/lib/libmain.a(debug-vector.o)
                              (_DebugExceptionVector)
/home/pi/git/esp-open-sdk/sdk/lib/libmain.a(double-vector.o)
                              (_DoubleExceptionVector)
/home/pi/git/esp-open-sdk/sdk/lib/libmain.a(kernel-vector.o)
                              (_KernelExceptionVector)
/home/pi/git/esp-open-sdk/sdk/lib/libmain.a(nmi-vector.o)
                              (_NMIExceptionVector)
/home/pi/git/esp-open-sdk/sdk/lib/libmain.a(user-vector.o)
                              (_UserExceptionVector)
/home/pi/git/esp-open-sdk/sdk/lib/libmain.a(vector.o)
                              (call_user_start)
/home/pi/git/esp-open-sdk/sdk/lib/libmain.a(app_main.o)
                              /home/pi/git/esp-open-sdk/sdk/lib/libmain.a(nmi-vector.o) (NMI_Handler)
/home/pi/git/esp-open-sdk/sdk/lib/libmain.a(ets_timer.o)
                              /home/pi/git/esp-open-sdk/sdk/lib/libmain.a(app_main.o) (ets_timer_setfn)
/home/pi/git/esp-open-sdk/sdk/lib/libmain.a(mem_manager.o)
                              /home/pi/git/esp-open-sdk/sdk/lib/libmain.a(app_main.o) (pvPortMalloc)
/home/pi/git/esp-open-sdk/sdk/lib/libmain.a(spi_flash.o)
                              /home/pi/git/esp-open-sdk/sdk/lib/libmain.a(app_main.o) (spi_flash_read)
/home/pi/git/esp-open-sdk/sdk/lib/libmain.a(user_interface.o)
                              /home/pi/git/esp-open-sdk/sdk/lib/libmain.a(app_main.o) (done_cb)
/home/pi/git/esp-open-sdk/sdk/lib/libmain.a(eagle_lib.o)
                              /home/pi/git/esp-open-sdk/sdk/lib/libmain.a(user_interface.o) (ets_sprintf)
/home/pi/git/esp-open-sdk/sdk/lib/libmain.a(eagle_lwip_if.o)
                              /home/pi/git/esp-open-sdk/sdk/lib/libmain.a(user_interface.o) (hostname)
/home/pi/git/Sming/Sming/compiler/lib//libsming.a(user_main.o)
                              /home/pi/git/esp-open-sdk/sdk/lib/libmain.a(app_main.o) (user_init)
/home/pi/git/Sming/Sming/compiler/lib//libsming.a(System.o)
                              /home/pi/git/Sming/Sming/compiler/lib//libsming.a(user_main.o) (_ZN11SystemClass10initializeEv)
/home/pi/git/Sming/Sming/compiler/lib//libsming.a(esp_cplusplus.o)
                              /home/pi/git/Sming/Sming/compiler/lib//libsming.a(user_main.o) (cpp_core_initialize)
/home/pi/git/Sming/Sming/compiler/lib//libsming.a(m_printf.o)
                              /home/pi/git/Sming/Sming/compiler/lib//libsming.a(esp_cplusplus.o) (m_printf)
/home/pi/git/Sming/Sming/compiler/lib//libsming.a(IPAddress.o)
                              /home/pi/git/Sming/Sming/compiler/lib//libsming.a(user_main.o) (_ZN9IPAddressC1Ehhhh)
/home/pi/git/Sming/Sming/compiler/lib//libsming.a(Print.o)
                              /home/pi/git/Sming/Sming/compiler/lib//libsming.a(IPAddress.o) (_ZN5Print5printEc)
/home/pi/git/Sming/Sming/compiler/lib//libsming.a(WString.o)
                              /home/pi/git/Sming/Sming/compiler/lib//libsming.a(IPAddress.o) (_ZN6StringD1Ev)
/home/pi/git/Sming/Sming/compiler/lib//libsming.a(Interrupts.o)
                              /home/pi/git/Sming/Sming/compiler/lib//libsming.a(System.o) (_Z12noInterruptsv)
/home/pi/git/Sming/Sming/compiler/lib//libsming.a(Digital.o)
                              /home/pi/git/Sming/Sming/compiler/lib//libsming.a(Interrupts.o) (_Z7pinModeth)
/home/pi/git/Sming/Sming/compiler/lib//libsming.a(stringconversion.o)
                              /home/pi/git/Sming/Sming/compiler/lib//libsming.a(m_printf.o) (ltoa_w)
out/build/app_app.a(application.o)
                              /home/pi/git/Sming/Sming/compiler/lib//libsming.a(user_main.o) (_Z4initv)
/home/pi/git/Sming/Sming/compiler/lib//libmicroc.a(isspace.o)
                              /home/pi/git/Sming/Sming/compiler/lib//libsming.a(WString.o) (isspace)
/home/pi/git/Sming/Sming/compiler/lib//libmicroc.a(tolower.o)
                              /home/pi/git/Sming/Sming/compiler/lib//libsming.a(WString.o) (tolower)
/home/pi/git/Sming/Sming/compiler/lib//libmicroc.a(toupper.o)
                              /home/pi/git/Sming/Sming/compiler/lib//libsming.a(WString.o) (toupper)
/home/pi/git/Sming/Sming/compiler/lib//libmicroc.a(atof.o)
                              /home/pi/git/Sming/Sming/compiler/lib//libsming.a(WString.o) (atof)
/home/pi/git/Sming/Sming/compiler/lib//libmicroc.a(atoi.o)
                              /home/pi/git/Sming/Sming/compiler/lib//libsming.a(WString.o) (atoi)
/home/pi/git/Sming/Sming/compiler/lib//libmicroc.a(strtod.o)
                              /home/pi/git/Sming/Sming/compiler/lib//libmicroc.a(atof.o) (strtod)
/home/pi/git/Sming/Sming/compiler/lib//libmicroc.a(__fpclassify.o)
                              /home/pi/git/Sming/Sming/compiler/lib//libsming.a(Print.o) (__fpclassifyd)
/home/pi/git/Sming/Sming/compiler/lib//libmicroc.a(strchr.o)
[...]
Memory Configuration

Name             Origin             Length             Attributes
dport0_0_seg     0x3ff00000         0x00000010
dram0_0_seg      0x3ffe8000         0x00014000
iram1_0_seg      0x40100000         0x00008000
irom0_0_seg      0x40209000         0x00078000
*default*        0x00000000         0xffffffff

Linker script and memory map

START GROUP
LOAD /home/pi/git/Sming/Sming/compiler/lib//libmicroc.a
LOAD /home/pi/git/Sming/Sming/compiler/lib//libmicrogcc.a
LOAD /home/pi/git/esp-open-sdk/xtensa-lx106-elf/xtensa-lx106-elf/sysroot/usr/lib/libhal.a
LOAD /home/pi/git/esp-open-sdk/sdk/lib/libphy.a
LOAD /home/pi/git/esp-open-sdk/sdk/lib/libpp.a
LOAD /home/pi/git/esp-open-sdk/sdk/lib/libnet80211.a
LOAD /home/pi/git/esp-open-sdk/sdk/lib/liblwip.a
LOAD /home/pi/git/esp-open-sdk/sdk/lib/libwpa.a
LOAD /home/pi/git/esp-open-sdk/sdk/lib/libmain.a
LOAD /home/pi/git/Sming/Sming/compiler/lib//libsming.a
LOAD /home/pi/git/esp-open-sdk/sdk/lib/libcrypto.a
LOAD /home/pi/git/esp-open-sdk/sdk/lib/libpwm.a
LOAD /home/pi/git/esp-open-sdk/sdk/lib/libsmartconfig.a
LOAD out/build/app_app.a
END GROUP
                0x40000000                PROVIDE (_memmap_vecbase_reset, 0x40000000)
                0x00000110                _memmap_cacheattr_wb_base = 0x110
                0x00000110                _memmap_cacheattr_wt_base = 0x110
                0x00000220                _memmap_cacheattr_bp_base = 0x220
                0xfffff00f                _memmap_cacheattr_unused_mask = 0xfffff00f
                0x2222211f                _memmap_cacheattr_wb_trapnull = 0x2222211f
                0x2222211f                _memmap_cacheattr_wba_trapnull = 0x2222211f
                0x2222211f                _memmap_cacheattr_wbna_trapnull = 0x2222211f
                0x2222211f                _memmap_cacheattr_wt_trapnull = 0x2222211f
                0x2222222f                _memmap_cacheattr_bp_trapnull = 0x2222222f
                0xfffff11f                _memmap_cacheattr_wb_strict = 0xfffff11f
                0xfffff11f                _memmap_cacheattr_wt_strict = 0xfffff11f
                0xfffff22f                _memmap_cacheattr_bp_strict = 0xfffff22f
                0x22222112                _memmap_cacheattr_wb_allvalid = 0x22222112
                0x22222112                _memmap_cacheattr_wt_allvalid = 0x22222112
                0x22222222                _memmap_cacheattr_bp_allvalid = 0x22222222
                0x2222211f                PROVIDE (_memmap_cacheattr_reset, _memmap_cacheattr_wb_trapnull)

.dport0.rodata  0x3ff00000        0x0
                0x3ff00000                _dport0_rodata_start = ABSOLUTE (.)
 *(.dport0.rodata)
 *(.dport.rodata)
                0x3ff00000                _dport0_rodata_end = ABSOLUTE (.)

.dport0.literal
                0x3ff00000        0x0
                0x3ff00000                _dport0_literal_start = ABSOLUTE (.)
 *(.dport0.literal)
 *(.dport.literal)
                0x3ff00000                _dport0_literal_end = ABSOLUTE (.)

.dport0.data    0x3ff00000        0x0
                0x3ff00000                _dport0_data_start = ABSOLUTE (.)
 *(.dport0.data)
 *(.dport.data)
                0x3ff00000                _dport0_data_end = ABSOLUTE (.)

.data           0x3ffe8000      0x374
                0x3ffe8000                _data_start = ABSOLUTE (.)
 *(.data)
 .data          0x3ffe8000        0x4 /home/pi/git/esp-open-sdk/sdk/lib/libmain.a(nmi-vector.o)
                0x3ffe8000                _Pri_3_HandlerAddress
 .data          0x3ffe8004        0x1 /home/pi/git/esp-open-sdk/sdk/lib/libmain.a(app_main.o)
 *fill*         0x3ffe8005        0x3 
 .data          0x3ffe8008        0x6 /home/pi/git/esp-open-sdk/sdk/lib/libmain.a(user_interface.o)
                0x3ffe8009                timer2_ms_flag
                0x3ffe800a                dhcps_flag
                0x3ffe800b                dhcpc_flag
                0x3ffe800d                reconnect_internal
 *fill*         0x3ffe800e        0x2 
 .data          0x3ffe8010        0x1 /home/pi/git/esp-open-sdk/sdk/lib/libmain.a(eagle_lwip_if.o)
                0x3ffe8010                default_hostname
 *fill*         0x3ffe8011        0xf 
 .data          0x3ffe8020       0x53 /home/pi/git/esp-open-sdk/sdk/lib/libphy.a(phy_chip_v6.o)
                0x3ffe8022                tx_rf_ana_gain
                0x3ffe8050                rx_gain_swp
                0x3ffe8070                test_rffreq_txcap
 *fill*         0x3ffe8073        0x1 
 .data          0x3ffe8074        0x4 /home/pi/git/esp-open-sdk/sdk/lib/libphy.a(phy_sleep.o)
                0x3ffe8074                chip_version
 .data          0x3ffe8078        0x1 /home/pi/git/esp-open-sdk/sdk/lib/libpp.a(pm.o)
 *fill*         0x3ffe8079        0x3 
 .data          0x3ffe807c        0x1 /home/pi/git/esp-open-sdk/sdk/lib/libpp.a(pm_for_bcn_only_mode.o)
 *fill*         0x3ffe807d        0x3 
 .data          0x3ffe8080       0x1c /home/pi/git/esp-open-sdk/sdk/lib/libpp.a(pp.o)
                0x3ffe8080                soft_wdt_interval
                0x3ffe8084                NoiseTimerInterval
                0x3ffe808c                sleep_start_wait_time
                0x3ffe8094                CanDoFreqCal
                0x3ffe8098                tcb
 *fill*         0x3ffe809c        0x4 
 .data          0x3ffe80a0       0x40 /home/pi/git/esp-open-sdk/sdk/lib/libpp.a(rate_control.o)
 .data          0x3ffe80e0      0x24c /home/pi/git/esp-open-sdk/sdk/lib/libpp.a(trc.o)
 .data          0x3ffe832c        0x8 /home/pi/git/esp-open-sdk/sdk/lib/libpp.a(wdev.o)
 .data          0x3ffe8334        0x1 /home/pi/git/esp-open-sdk/sdk/lib/libnet80211.a(ieee80211_hostap.o)
                0x3ffe8334                TmpSTAAPCloseAP
 *fill*         0x3ffe8335        0x3 
 .data          0x3ffe8338        0x1 /home/pi/git/esp-open-sdk/sdk/lib/libnet80211.a(wl_cnx.o)
 *fill*         0x3ffe8339        0x7 
 .data          0x3ffe8340       0x1c /home/pi/git/esp-open-sdk/sdk/lib/libnet80211.a(ieee80211_action.o)
 .data          0x3ffe835c        0x4 /home/pi/git/esp-open-sdk/sdk/lib/liblwip.a(dhcp.o)
 .data          0x3ffe8360        0x5 /home/pi/git/esp-open-sdk/sdk/lib/liblwip.a(dhcpserver.o)
                0x3ffe8360                dhcps_lease_time
 *fill*         0x3ffe8365        0x3 
 .data          0x3ffe8368        0x8 /home/pi/git/esp-open-sdk/sdk/lib/liblwip.a(tcp.o)
 *(.data.*)
 .data.cbc_printchar
                0x3ffe8370        0x4 /home/pi/git/Sming/Sming/compiler/lib//libsming.a(m_printf.o)
                0x3ffe8370                cbc_printchar
 *(.gnu.linkonce.d.*)
 *(.data1)
 *(.sdata)
 *(.sdata.*)
 *(.gnu.linkonce.s.*)
 *(.sdata2)
 *(.sdata2.*)
 *(.gnu.linkonce.s2.*)
 *(.jcr)
                0x3ffe8374                _data_end = ABSOLUTE (.)

.rodata         0x3ffe8380     0x1428
                0x3ffe8380                _rodata_start = ABSOLUTE (.)
 *(.sdk.version)
 .sdk.version   0x3ffe8380       0x10 /home/pi/git/esp-open-sdk/sdk/lib/libmain.a(app_main.o)
                0x3ffe8380                SDK_VERSION
 *(.rodata)
 .rodata        0x3ffe8390        0x8 /home/pi/git/esp-open-sdk/sdk/lib/libphy.a(phy_chip_v6.o)
 .rodata        0x3ffe8398        0x4 /home/pi/git/esp-open-sdk/sdk/lib/libpp.a(pp.o)
 .rodata        0x3ffe839c        0x8 /home/pi/git/esp-open-sdk/sdk/lib/libnet80211.a(ieee80211_hostap.o)
 .rodata        0x3ffe83a4        0x9 /home/pi/git/esp-open-sdk/sdk/lib/libnet80211.a(ieee80211_output.o)
 *fill*         0x3ffe83ad        0x3 
 .rodata        0x3ffe83b0        0x6 /home/pi/git/esp-open-sdk/sdk/lib/liblwip.a(etharp.o)
                0x3ffe83b0                ethbroadcast
 *(.rodata.*)
 *fill*         0x3ffe83b6        0x2 
 .rodata.str1.4
                0x3ffe83b8        0xc /home/pi/git/esp-open-sdk/sdk/lib/libmain.a(app_main.o)
 .rodata.str1.4
                0x3ffe83c4        0x4 /home/pi/git/esp-open-sdk/sdk/lib/libmain.a(ets_timer.o)
                                  0xc (size before relaxing)
 .rodata.str1.4
                0x3ffe83c8       0x1a /home/pi/git/esp-open-sdk/sdk/lib/libmain.a(mem_manager.o)
 *fill*         0x3ffe83e2        0x2 
 .rodata._ZL14EspDigitalPins
                0x3ffe83e4       0xc0 /home/pi/git/Sming/Sming/compiler/lib//libsming.a(user_main.o)
 *fill*         0x3ffe84a4        0x4 
 .rodata._ZTV6VectorI8DelegateIFvvEEE
                0x3ffe84a8       0x1c /home/pi/git/Sming/Sming/compiler/lib//libsming.a(System.o)
                0x3ffe84a8                _ZTV6VectorI8DelegateIFvvEEE
 *fill*         0x3ffe84c4        0x4 
 .rodata._ZTV6VectorIP19ISystemReadyHandlerE
                0x3ffe84c8       0x1c /home/pi/git/Sming/Sming/compiler/lib//libsming.a(System.o)
                0x3ffe84c8                _ZTV6VectorIP19ISystemReadyHandlerE
 .rodata.str1.1
                0x3ffe84e4       0x41 /home/pi/git/Sming/Sming/compiler/lib//libsming.a(esp_cplusplus.o)
 *fill*         0x3ffe8525        0x3 
 .rodata._ZTV9IPAddress
                0x3ffe8528        0xc /home/pi/git/Sming/Sming/compiler/lib//libsming.a(IPAddress.o)
                0x3ffe8528                _ZTV9IPAddress
 .rodata.str1.1
                0x00000000       0x41 /home/pi/git/Sming/Sming/compiler/lib//libsming.a(WString.o)
                                  0x1 (size before relaxing)
 .rodata.CSWTCH$14
                0x3ffe8534       0x21 /home/pi/git/Sming/Sming/compiler/lib//libsming.a(Interrupts.o)
 .rodata.str1.1
                0x3ffe8555       0x23 /home/pi/git/Sming/Sming/compiler/lib//libsming.a(Digital.o)
 .rodata._ZL14EspDigitalPins
                0x3ffe8578       0xc0 /home/pi/git/Sming/Sming/compiler/lib//libsming.a(Digital.o)
 .rodata.str1.1
                0x3ffe8638       0x21 /home/pi/git/Sming/Sming/compiler/lib//libsming.a(stringconversion.o)
 .rodata.str1.1
                0x3ffe8659      0x18b out/build/app_app.a(application.o)
                                0x190 (size before relaxing)
 *fill*         0x3ffe87e4        0x4 
 .rodata._ZTV15IDelegateCallerIvIEE
                0x3ffe87e8       0x14 out/build/app_app.a(application.o)
                0x3ffe87e8                _ZTV15IDelegateCallerIvIEE
 *fill*         0x3ffe87fc        0x4 
 .rodata._ZTV14FunctionCallerIPFvvEvIEE
                0x3ffe8800       0x14 out/build/app_app.a(application.o)
                0x3ffe8800                _ZTV14FunctionCallerIPFvvEvIEE
 .rodata.str1.1
                0x3ffe8814        0xc /home/pi/git/Sming/Sming/compiler/lib//libmicroc.a(abort.o)
 .rodata.str1.4
                0x3ffe8820        0x4 /home/pi/git/esp-open-sdk/sdk/lib/libpp.a(lmac.o)
                                  0xc (size before relaxing)
 .rodata.str1.4
                0x3ffe8824        0x4 /home/pi/git/esp-open-sdk/sdk/lib/libpp.a(pm_for_bcn_only_mode.o)
                                  0xc (size before relaxing)
 .rodata.str1.4
                0x3ffe8828        0x8 /home/pi/git/esp-open-sdk/sdk/lib/libpp.a(pp.o)
                                 0x10 (size before relaxing)
 .rodata.str1.4
                0x3ffe8830        0x4 /home/pi/git/esp-open-sdk/sdk/lib/libpp.a(wdev.o)
                                  0xc (size before relaxing)
 .rodata.str1.4
                0x3ffe8834        0x3 /home/pi/git/esp-open-sdk/sdk/lib/libnet80211.a(ieee80211_hostap.o)
                                  0x8 (size before relaxing)
 *fill*         0x3ffe8837        0x1 
 .rodata.str1.4
                0x3ffe8838        0x7 /home/pi/git/esp-open-sdk/sdk/lib/libnet80211.a(ieee80211_mesh_quick.o)
 .rodata.str1.4
                0x00000000        0x4 /home/pi/git/esp-open-sdk/sdk/lib/libnet80211.a(ieee80211_sta.o)
 .rodata.str1.4
                0x00000000        0x4 /home/pi/git/esp-open-sdk/sdk/lib/libnet80211.a(ieee80211_action_vendor.o)
 .rodata.str1.4
                0x00000000        0x4 /home/pi/git/esp-open-sdk/sdk/lib/libnet80211.a(ieee80211_ie_vendor.o)
 .rodata.str1.4
                0x00000000        0x7 /home/pi/git/esp-open-sdk/sdk/lib/liblwip.a(espconn_tcp.o)
                                  0x1 (size before relaxing)
 *fill*         0x3ffe883f        0x1 
 .rodata.str1.4
                0x3ffe8840       0x10 /home/pi/git/esp-open-sdk/sdk/lib/libwpa.a(wpa_debug.o)
                                  0xd (size before relaxing)
 .rodata.str1.1
                0x00000000        0xc /home/pi/git/Sming/Sming/compiler/lib//libsming.a(HardwareSerial.o)
                                  0x3 (size before relaxing)
 .rodata._ZTV14HardwareSerial
                0x3ffe8850       0x20 /home/pi/git/Sming/Sming/compiler/lib//libsming.a(HardwareSerial.o)
                0x3ffe8850                _ZTV14HardwareSerial
 .rodata.str1.1
                0x3ffe8870      0x169 /home/pi/git/Sming/Sming/compiler/lib//libsming.a(MqttClient.o)
                                0x16a (size before relaxing)
 *fill*         0x3ffe89d9        0x7 
 .rodata._ZTV10MqttClient
                0x3ffe89e0       0x3c /home/pi/git/Sming/Sming/compiler/lib//libsming.a(MqttClient.o)
                0x3ffe89e0                _ZTV10MqttClient
 .rodata.str1.1
                0x3ffe8a1c       0x1e /home/pi/git/Sming/Sming/compiler/lib//libsming.a(TcpClient.o)
 *fill*         0x3ffe8a3a        0x6 
 .rodata._ZTV9TcpClient
                0x3ffe8a40       0x3c /home/pi/git/Sming/Sming/compiler/lib//libsming.a(TcpClient.o)
                0x3ffe8a40                _ZTV9TcpClient
 .rodata.str1.1
                0x3ffe8a7c      0x299 /home/pi/git/Sming/Sming/compiler/lib//libsming.a(Station.o)
                                0x2a3 (size before relaxing)
 *fill*         0x3ffe8d15        0x3 
 .rodata._ZTV19ISystemReadyHandler
                0x3ffe8d18       0x14 /home/pi/git/Sming/Sming/compiler/lib//libsming.a(Station.o)
                0x3ffe8d18                _ZTV19ISystemReadyHandler
 *fill*         0x3ffe8d2c        0x4 
 .rodata._ZTV12StationClass
                0x3ffe8d30       0x14 /home/pi/git/Sming/Sming/compiler/lib//libsming.a(Station.o)
                0x3ffe8d30                _ZTV12StationClass
 *fill*         0x3ffe8d44        0x4 
 .rodata._ZTV6VectorI7BssInfoE
                0x3ffe8d48       0x1c /home/pi/git/Sming/Sming/compiler/lib//libsming.a(Station.o)
                0x3ffe8d48                _ZTV6VectorI7BssInfoE
 .rodata.str1.1
                0x3ffe8d64       0xc4 /home/pi/git/Sming/Sming/compiler/lib//libsming.a(AccessPoint.o)
                                0x12b (size before relaxing)
 .rodata._ZTV16AccessPointClass
                0x3ffe8e28       0x14 /home/pi/git/Sming/Sming/compiler/lib//libsming.a(AccessPoint.o)
                0x3ffe8e28                _ZTV16AccessPointClass
 .rodata.str1.1
                0x3ffe8e3c       0xf3 /home/pi/git/Sming/Sming/compiler/lib//libsming.a(CommandExecutor.o)
                                 0xf8 (size before relaxing)
 .rodata.str1.1
                0x3ffe8f2f        0x6 /home/pi/git/Sming/Sming/compiler/lib//libsming.a(libemqtt.o)
 .rodata.str1.1
                0x3ffe8f35      0x13c /home/pi/git/Sming/Sming/compiler/lib//libsming.a(DataSourceStream.o)
                                0x13d (size before relaxing)
 *fill*         0x3ffe9071        0x7 
 .rodata._ZTV17IDataSourceStream
                0x3ffe9078       0x20 /home/pi/git/Sming/Sming/compiler/lib//libsming.a(DataSourceStream.o)
                0x3ffe9078                _ZTV17IDataSourceStream
 .rodata._ZTV16MemoryDataStream
                0x3ffe9098       0x48 /home/pi/git/Sming/Sming/compiler/lib//libsming.a(DataSourceStream.o)
                0x3ffe9098                _ZTV16MemoryDataStream
 .rodata.str1.1
                0x3ffe90e0      0x220 /home/pi/git/Sming/Sming/compiler/lib//libsming.a(TcpConnection.o)
 .rodata._ZTV13TcpConnection
                0x3ffe9300       0x38 /home/pi/git/Sming/Sming/compiler/lib//libsming.a(TcpConnection.o)
                0x3ffe9300                _ZTV13TcpConnection
 .rodata._ZTV8WDTClass
                0x3ffe9338       0x14 /home/pi/git/Sming/Sming/compiler/lib//libsming.a(WDT.o)
                0x3ffe9338                _ZTV8WDTClass
 .rodata.str1.1
                0x3ffe934c      0x3b3 /home/pi/git/Sming/Sming/compiler/lib//libsming.a(CommandHandler.o)
                                0x3bb (size before relaxing)
 .rodata.str1.1
                0x00000000        0x1 /home/pi/git/Sming/Sming/compiler/lib//libsming.a(CommandDelegate.o)
 *(.gnu.linkonce.r.*)
 *(.rodata1)
                0x3ffe96ff                __XT_EXCEPTION_TABLE__ = ABSOLUTE (.)
 *(.xt_except_table)
 *(.gcc_except_table)
 *(.gnu.linkonce.e.*)
 *(.gnu.version_r)
 *(.eh_frame)
                0x3ffe9700                . = ((. + 0x3) & 0xfffffffc)
 *fill*         0x3ffe96ff        0x1 
                0x3ffe9700                __dso_handle = ABSOLUTE (.)
                0x3ffe9700                __init_array_start = ABSOLUTE (.)
 *crtbegin.o(.ctors)
 *(EXCLUDE_FILE(*crtend.o) .ctors)
 .ctors         0x3ffe9700        0x4 /home/pi/git/Sming/Sming/compiler/lib//libsming.a(user_main.o)
 .ctors         0x3ffe9704        0x4 /home/pi/git/Sming/Sming/compiler/lib//libsming.a(System.o)
 .ctors         0x3ffe9708        0x4 /home/pi/git/Sming/Sming/compiler/lib//libsming.a(m_printf.o)
 .ctors         0x3ffe970c        0x4 /home/pi/git/Sming/Sming/compiler/lib//libsming.a(IPAddress.o)
 .ctors         0x3ffe9710        0x4 /home/pi/git/Sming/Sming/compiler/lib//libsming.a(Print.o)
 .ctors         0x3ffe9714        0x4 /home/pi/git/Sming/Sming/compiler/lib//libsming.a(WString.o)
 .ctors         0x3ffe9718        0x4 /home/pi/git/Sming/Sming/compiler/lib//libsming.a(Interrupts.o)
 .ctors         0x3ffe971c        0x4 /home/pi/git/Sming/Sming/compiler/lib//libsming.a(Digital.o)
 .ctors         0x3ffe9720        0x4 out/build/app_app.a(application.o)
 .ctors         0x3ffe9724        0x4 /home/pi/git/Sming/Sming/compiler/lib//libsming.a(HardwareSerial.o)
 .ctors         0x3ffe9728        0x4 /home/pi/git/Sming/Sming/compiler/lib//libsming.a(Clock.o)
 .ctors         0x3ffe972c        0x4 /home/pi/git/Sming/Sming/compiler/lib//libsming.a(MqttClient.o)
 .ctors         0x3ffe9730        0x4 /home/pi/git/Sming/Sming/compiler/lib//libsming.a(TcpClient.o)
 .ctors         0x3ffe9734        0x4 /home/pi/git/Sming/Sming/compiler/lib//libsming.a(Station.o)
 .ctors         0x3ffe9738        0x4 /home/pi/git/Sming/Sming/compiler/lib//libsming.a(AccessPoint.o)
 .ctors         0x3ffe973c        0x4 /home/pi/git/Sming/Sming/compiler/lib//libsming.a(CommandExecutor.o)
 .ctors         0x3ffe9740        0x4 /home/pi/git/Sming/Sming/compiler/lib//libsming.a(DataSourceStream.o)
 .ctors         0x3ffe9744        0x4 /home/pi/git/Sming/Sming/compiler/lib//libsming.a(WebSocket.o)
 .ctors         0x3ffe9748        0x4 /home/pi/git/Sming/Sming/compiler/lib//libsming.a(HttpResponse.o)
 .ctors         0x3ffe974c        0x4 /home/pi/git/Sming/Sming/compiler/lib//libsming.a(TcpConnection.o)
 .ctors         0x3ffe9750        0x4 /home/pi/git/Sming/Sming/compiler/lib//libsming.a(HttpRequest.o)
 .ctors         0x3ffe9754        0x4 /home/pi/git/Sming/Sming/compiler/lib//libsming.a(HttpServer.o)
 .ctors         0x3ffe9758        0x4 /home/pi/git/Sming/Sming/compiler/lib//libsming.a(HttpServerConnection.o)
 .ctors         0x3ffe975c        0x4 /home/pi/git/Sming/Sming/compiler/lib//libsming.a(WDT.o)
 .ctors         0x3ffe9760        0x4 /home/pi/git/Sming/Sming/compiler/lib//libsming.a(CommandHandler.o)
 .ctors         0x3ffe9764        0x4 /home/pi/git/Sming/Sming/compiler/lib//libsming.a(CommandOutput.o)
 .ctors         0x3ffe9768        0x4 /home/pi/git/Sming/Sming/compiler/lib//libsming.a(CommandDelegate.o)
 .ctors         0x3ffe976c        0x4 /home/pi/git/Sming/Sming/compiler/lib//libsming.a(ArduinoJson.o)
 .ctors         0x3ffe9770        0x4 /home/pi/git/Sming/Sming/compiler/lib//libsming.a(SystemClock.o)
 .ctors         0x3ffe9774        0x4 /home/pi/git/Sming/Sming/compiler/lib//libsming.a(TcpServer.o)
 .ctors         0x3ffe9778        0x4 /home/pi/git/Sming/Sming/compiler/lib//libsming.a(RTC.o)
 .ctors         0x3ffe977c        0x4 /home/pi/git/Sming/Sming/compiler/lib//libsming.a(DateTime.o)
 *(SORT(.ctors.*))
 *(.ctors)
                0x3ffe9780                __init_array_end = ABSOLUTE (.)
 *crtbegin.o(.dtors)
 *(EXCLUDE_FILE(*crtend.o) .dtors)
 .dtors         0x3ffe9780        0x4 /home/pi/git/Sming/Sming/compiler/lib//libsming.a(System.o)
 .dtors         0x3ffe9784        0x4 /home/pi/git/Sming/Sming/compiler/lib//libsming.a(Interrupts.o)
 .dtors         0x3ffe9788        0x4 out/build/app_app.a(application.o)
 .dtors         0x3ffe978c        0x4 /home/pi/git/Sming/Sming/compiler/lib//libsming.a(HardwareSerial.o)
 .dtors         0x3ffe9790        0x4 /home/pi/git/Sming/Sming/compiler/lib//libsming.a(Station.o)
 .dtors         0x3ffe9794        0x4 /home/pi/git/Sming/Sming/compiler/lib//libsming.a(AccessPoint.o)
 .dtors         0x3ffe9798        0x4 /home/pi/git/Sming/Sming/compiler/lib//libsming.a(WDT.o)
 .dtors         0x3ffe979c        0x4 /home/pi/git/Sming/Sming/compiler/lib//libsming.a(CommandHandler.o)
 *(SORT(.dtors.*))
 *(.dtors)
                0x3ffe97a0                __XT_EXCEPTION_DESCS__ = ABSOLUTE (.)
 *(.xt_except_desc)
 *(.gnu.linkonce.h.*)
                0x3ffe97a0                __XT_EXCEPTION_DESCS_END__ = ABSOLUTE (.)
 *(.xt_except_desc_end)
 *(.dynamic)
 *(.gnu.version_d)
                0x3ffe97a0                . = ALIGN (0x4)
                0x3ffe97a0                _bss_table_start = ABSOLUTE (.)
                0x3ffe97a0        0x4 LONG 0x3ffe97a8 _bss_start
                0x3ffe97a4        0x4 LONG 0x3fff0240 _bss_end
                0x3ffe97a8                _bss_table_end = ABSOLUTE (.)
                0x3ffe97a8                _rodata_end = ABSOLUTE (.)

.bss            0x3ffe97a8     0x6a98
                0x3ffe97a8                . = ALIGN (0x8)
                0x3ffe97a8                _bss_start = ABSOLUTE (.)
 *(.dynsbss)
 *(.sbss)
 *(.sbss.*)
 *(.gnu.linkonce.sb.*)
 *(.scommon)
 *(.sbss2)
 *(.sbss2.*)
 *(.gnu.linkonce.sb2.*)
 *(.dynbss)
 *(.bss)
 *fill*         0x3ffe97a8        0x8 
 .bss           0x3ffe97b0      0x1c0 /home/pi/git/esp-open-sdk/sdk/lib/libmain.a(nmi-vector.o)
 .bss           0x3ffe9970       0x41 /home/pi/git/esp-open-sdk/sdk/lib/libmain.a(app_main.o)
                0x3ffe9974                info
                0x3ffe9998                lwip_timer_interval
                0x3ffe999c                check_timeouts_timer
                0x3ffe99b0                user_init_flag
 *fill*         0x3ffe99b1        0xf 
 .bss           0x3ffe99c0       0x30 /home/pi/git/esp-open-sdk/sdk/lib/libmain.a(ets_timer.o)
                0x3ffe99c0                dbg_timer_flag
                0x3ffe99c4                timer_list
                0x3ffe99c8                debug_timer
                0x3ffe99cc                debug_timerfn
 .bss           0x3ffe99f0       0x3c /home/pi/git/esp-open-sdk/sdk/lib/libmain.a(mem_manager.o)
 .bss           0x3ffe9a2c        0x4 /home/pi/git/esp-open-sdk/sdk/lib/libmain.a(spi_flash.o)
                0x3ffe9a2c                flash_read
 .bss           0x3ffe9a30      0x242 /home/pi/git/esp-open-sdk/sdk/lib/libmain.a(user_interface.o)
                0x3ffe9b27                deep_sleep_flag
                0x3ffe9b28                cpu_overclock
                0x3ffe9b2c                event_cb
                0x3ffe9b30                status_led_output_level
                0x3ffe9b34                done_cb
                0x3ffe9b38                rst_if
                0x3ffe9b54                default_interface
                0x3ffe9b55                OpmodChgIsOnGoing
                0x3ffe9b58                promiscuous_cb
                0x3ffe9b70                event_TaskQueue
 *fill*         0x3ffe9c72        0x2 
 .bss           0x3ffe9c74        0xc /home/pi/git/esp-open-sdk/sdk/lib/libmain.a(eagle_lwip_if.o)
                0x3ffe9c74                hostname
 .bss           0x3ffe9c80        0x4 /home/pi/git/esp-open-sdk/sdk/lib/libphy.a(phy.o)
 .bss           0x3ffe9c84        0x2 /home/pi/git/esp-open-sdk/sdk/lib/libphy.a(phy_chip_v6_ana.o)
                0x3ffe9c84                tout_dis_txpwr_track
                0x3ffe9c85                sleep_mode_flag
 *fill*         0x3ffe9c86        0x2 
 .bss           0x3ffe9c88      0x160 /home/pi/git/esp-open-sdk/sdk/lib/libphy.a(phy_chip_v6.o)
                0x3ffe9c88                g_phyFuns
                0x3ffe9c8c                rxiq_compute_num
                0x3ffe9c90                rx_table_renew_en
                0x3ffe9c94                check_result
                0x3ffe9c98                chip6_sleep_params
                0x3ffe9d2c                chip6_phy_init_ctrl
                0x3ffe9da0                phy_freq_offset
                0x3ffe9da2                do_pwctrl_flag
                0x3ffe9da3                pwctrl_debug
                0x3ffe9da4                txbk_dpdby_flag
                0x3ffe9da6                sw_scan_mode
                0x3ffe9da7                rxmax_ext_level
                0x3ffe9da8                phy_rx_gain_dc_table
                0x3ffe9dbc                periodic_cal_dc_num
                0x3ffe9dc0                periodic_cal_flag
                0x3ffe9dc1                bbpll_cal_flag
                0x3ffe9dc2                phy_in_most_power
                0x3ffe9dc3                init_rf_no_cal
                0x3ffe9dc4                test_print_time
                0x3ffe9dc8                phy_rx_gain_dc_flag
                0x3ffe9dc9                phy_in_vdd33_offset
                0x3ffe9dca                phy_set_most_tpw_disbg
                0x3ffe9dcb                phy_set_most_tpw_index
                0x3ffe9dcc                adc_rand_noise
                0x3ffe9dd0                dpd_bypass_original
                0x3ffe9dd8                noise_array
 .bss           0x3ffe9de8        0x8 /home/pi/git/esp-open-sdk/sdk/lib/libphy.a(phy_chip_v6_cal.o)
                0x3ffe9de8                phy_tx_power_out
                0x3ffe9dea                loop_pwctrl_pwdet_error_accum_high_power
                0x3ffe9dec                tx_pwctrl_pk_num
                0x3ffe9ded                tx_pwctrl_track_num
                0x3ffe9dee                loop_pwctrl_correct_atten_high_power
                0x3ffe9def                rxiq_cover_fail_num
 .bss           0x3ffe9df0        0x7 /home/pi/git/esp-open-sdk/sdk/lib/libphy.a(phy_sleep.o)
                0x3ffe9df0                periodic_cal_sat
                0x3ffe9df2                lslp_mem_opt_8266
                0x3ffe9df4                software_slp_reject
                0x3ffe9df5                SDIO_slp_reject
                0x3ffe9df6                hardware_reject
 *fill*         0x3ffe9df7        0x9 
 .bss           0x3ffe9e00       0x40 /home/pi/git/esp-open-sdk/sdk/lib/libpp.a(if_hwctrl.o)
                0x3ffe9e00                interface_mask
                0x3ffe9e20                if_ctrl
 .bss           0x3ffe9e40      0x150 /home/pi/git/esp-open-sdk/sdk/lib/libpp.a(lmac.o)
                0x3ffe9e44                lmacConfMib
                0x3ffe9e68                our_tx_eb
 .bss           0x3ffe9f90      0x11a /home/pi/git/esp-open-sdk/sdk/lib/libpp.a(pm.o)
                0x3ffe9f90                pmc
                0x3ffea070                flash_tmp
 *fill*         0x3ffea0aa        0x2 
 .bss           0x3ffea0ac       0x34 /home/pi/git/esp-open-sdk/sdk/lib/libpp.a(pm_for_bcn_only_mode.o)
 .bss           0x3ffea0e0      0x322 /home/pi/git/esp-open-sdk/sdk/lib/libpp.a(pp.o)
                0x3ffea0f8                pend_flag_noise_check
                0x3ffea100                pend_flag_periodic_cal
                0x3ffea118                idle_timer_reopen_flag
                0x3ffea11a                dbg_stop_sw_wdt
                0x3ffea11b                dbg_stop_hw_wdt
                0x3ffea11d                total_buffed_eb_num
                0x3ffea120                HighestFreqOffsetInOneChk
                0x3ffea122                LowestFreqOffsetInOneChk
                0x3ffea124                DefFreqCalTimer
                0x3ffea138                PktNumInOneChk
                0x3ffea2c0                buffed_eb_arr
 *fill*         0x3ffea402        0xe 
 .bss           0x3ffea410      0x100 /home/pi/git/esp-open-sdk/sdk/lib/libpp.a(rate_control.o)
 .bss           0x3ffea510      0x46c /home/pi/git/esp-open-sdk/sdk/lib/libpp.a(trc.o)
 *fill*         0x3ffea97c        0x4 
 .bss           0x3ffea980     0x2f88 /home/pi/git/esp-open-sdk/sdk/lib/libpp.a(wdev.o)
                0x3ffea980                wDevCtrl
                0x3ffeab28                WdevTimOffSet
 *fill*         0x3ffed908        0x8 
 .bss           0x3ffed910      0xaa4 /home/pi/git/esp-open-sdk/sdk/lib/libpp.a(esf_buf.o)
 .bss           0x3ffee3b4      0x67c /home/pi/git/esp-open-sdk/sdk/lib/libnet80211.a(ieee80211.o)
                0x3ffee3b4                g_ic
 .bss           0x3ffeea30       0x56 /home/pi/git/esp-open-sdk/sdk/lib/libnet80211.a(ieee80211_hostap.o)
                0x3ffeea30                BcnEb_update
                0x3ffeea3d                BcnWithMcastSendStart
                0x3ffeea3e                BcnWithMcastSendCnt
                0x3ffeea58                PendFreeBcnEb
                0x3ffeea5c                ApFreqCalTimer
                0x3ffeea70                APRecvBcnStartTick
 *fill*         0x3ffeea86        0x2 
 .bss           0x3ffeea88       0xc8 /home/pi/git/esp-open-sdk/sdk/lib/libnet80211.a(ieee80211_scan.o)
                0x3ffeea88                gScanStruct
                0x3ffeeb34                connect_scan_flag
                0x3ffeeb35                FreqCalCntForScan
                0x3ffeeb36                TestStaFreqCalValInput
                0x3ffeeb38                auth_type
                0x3ffeeb3a                scannum
 .bss           0x3ffeeb50       0x10 /home/pi/git/esp-open-sdk/sdk/lib/libnet80211.a(ieee80211_sta.o)
 .bss           0x3ffeeb60       0x3c /home/pi/git/esp-open-sdk/sdk/lib/libnet80211.a(wl_chm.o)
 *fill*         0x3ffeeb9c        0x4 
 .bss           0x3ffeeba0      0x37a /home/pi/git/esp-open-sdk/sdk/lib/libnet80211.a(wl_cnx.o)
                0x3ffeef00                sta_con_timer
                0x3ffeef14                g_cnx_probe_rc_list_cb
                0x3ffeef18                reconnect_flag
                0x3ffeef19                no_ap_found_index
 *fill*         0x3ffeef1a        0x2 
 .bss           0x3ffeef1c       0x10 /home/pi/git/esp-open-sdk/sdk/lib/libnet80211.a(ieee80211_action_vendor.o)
 *fill*         0x3ffeef2c        0x4 
 .bss           0x3ffeef30       0x38 /home/pi/git/esp-open-sdk/sdk/lib/liblwip.a(dhcp.o)
                0x3ffeef30                dhcp_rx_options_given
                0x3ffeef40                dhcp_rx_options_val
 .bss           0x3ffeef68       0x28 /home/pi/git/esp-open-sdk/sdk/lib/liblwip.a(dhcpserver.o)
 .bss           0x3ffeef90      0x480 /home/pi/git/esp-open-sdk/sdk/lib/liblwip.a(dns.o)
 .bss           0x3ffef410       0x78 /home/pi/git/esp-open-sdk/sdk/lib/liblwip.a(espconn_tcp.o)
                0x3ffef410                espconn_TaskQueue
 *fill*         0x3ffef488        0x8 
 .bss           0x3ffef490      0x100 /home/pi/git/esp-open-sdk/sdk/lib/liblwip.a(etharp.o)
                0x3ffef494                ethzero
 .bss           0x3ffef590       0x10 /home/pi/git/esp-open-sdk/sdk/lib/liblwip.a(ip_addr.o)
 .bss           0x3ffef5a0       0x12 /home/pi/git/esp-open-sdk/sdk/lib/liblwip.a(ip.o)
                0x3ffef5a0                current_iphdr_dest
                0x3ffef5a4                current_iphdr_src
                0x3ffef5a8                current_netif
                0x3ffef5ac                current_header
 *fill*         0x3ffef5b2        0x2 
 .bss           0x3ffef5b4        0x9 /home/pi/git/esp-open-sdk/sdk/lib/liblwip.a(netif.o)
                0x3ffef5b4                netif_list
                0x3ffef5b8                netif_default
 *fill*         0x3ffef5bd        0x3 
 .bss           0x3ffef5c0        0x4 /home/pi/git/esp-open-sdk/sdk/lib/liblwip.a(raw.o)
 .bss           0x3ffef5c4       0x34 /home/pi/git/esp-open-sdk/sdk/lib/liblwip.a(tcp_in.o)
                0x3ffef5f4                tcp_input_pcb
 .bss           0x3ffef5f8       0x1c /home/pi/git/esp-open-sdk/sdk/lib/liblwip.a(tcp.o)
                0x3ffef5fc                tcp_active_pcbs
                0x3ffef600                tcp_tmp_pcb
                0x3ffef604                tcp_tw_pcbs
                0x3ffef608                tcp_bound_pcbs
                0x3ffef60c                tcp_listen_pcbs
                0x3ffef610                tcp_ticks
 .bss           0x3ffef614        0xc /home/pi/git/esp-open-sdk/sdk/lib/liblwip.a(timers.o)
 .bss           0x3ffef620        0x4 /home/pi/git/esp-open-sdk/sdk/lib/liblwip.a(udp.o)
                0x3ffef620                udp_pcbs
 *fill*         0x3ffef624        0xc 
 .bss           0x3ffef630      0x104 /home/pi/git/esp-open-sdk/sdk/lib/liblwip.a(espconn.o)
                0x3ffef630                plink_active
                0x3ffef634                pserver_list
                0x3ffef640                premot
                0x3ffef700                pktinfo
 .bss           0x3ffef734        0xc /home/pi/git/esp-open-sdk/sdk/lib/liblwip.a(igmp.o)
 .bss           0x3ffef740      0x26a /home/pi/git/esp-open-sdk/sdk/lib/libwpa.a(wpa.o)
 *fill*         0x3ffef9aa        0x6 
 .bss           0x3ffef9b0        0x8 /home/pi/git/esp-open-sdk/sdk/lib/libnet80211.a(ieee80211_crypto_tkip.o)
 *(.bss.*)
 .bss._ZL5ESP01
                0x3ffef9b8       0x30 /home/pi/git/Sming/Sming/compiler/lib//libsming.a(user_main.o)
 .bss._ZL11INADDR_NONE
                0x3ffef9e8        0x8 /home/pi/git/Sming/Sming/compiler/lib//libsming.a(user_main.o)
 .bss.System    0x3ffef9f0       0x2c /home/pi/git/Sming/Sming/compiler/lib//libsming.a(System.o)
                0x3ffef9f0                System
 .bss._ZL5ESP01
                0x3ffefa1c       0x30 /home/pi/git/Sming/Sming/compiler/lib//libsming.a(m_printf.o)
 .bss._ZL11INADDR_NONE
                0x3ffefa4c        0x8 /home/pi/git/Sming/Sming/compiler/lib//libsming.a(m_printf.o)
 .bss._ZL5ESP01
                0x3ffefa54       0x30 /home/pi/git/Sming/Sming/compiler/lib//libsming.a(IPAddress.o)
 .bss._ZL11INADDR_NONE
                0x3ffefa84        0x8 /home/pi/git/Sming/Sming/compiler/lib//libsming.a(IPAddress.o)
 .bss._ZL11INADDR_NONE
                0x3ffefa8c        0x8 /home/pi/git/Sming/Sming/compiler/lib//libsming.a(Print.o)
 .bss._ZZN6StringixEjE19dummy_writable_char
                0x3ffefa94        0x1 /home/pi/git/Sming/Sming/compiler/lib//libsming.a(WString.o)
 *fill*         0x3ffefa95        0x3 
 .bss._ZL11INADDR_NONE
                0x3ffefa98        0x8 /home/pi/git/Sming/Sming/compiler/lib//libsming.a(WString.o)
 .bss._gpioInterruptsInitialied
                0x3ffefaa0        0x1 /home/pi/git/Sming/Sming/compiler/lib//libsming.a(Interrupts.o)
                0x3ffefaa0                _gpioInterruptsInitialied
 *fill*         0x3ffefaa1        0x3 
 .bss._delegateFunctionList
                0x3ffefaa4       0x40 /home/pi/git/Sming/Sming/compiler/lib//libsming.a(Interrupts.o)
                0x3ffefaa4                _delegateFunctionList
 .bss._gpioInterruptsList
                0x3ffefae4       0x40 /home/pi/git/Sming/Sming/compiler/lib//libsming.a(Interrupts.o)
                0x3ffefae4                _gpioInterruptsList
 .bss._ZL11INADDR_NONE
                0x3ffefb24        0x8 /home/pi/git/Sming/Sming/compiler/lib//libsming.a(Interrupts.o)
 .bss._ZL11INADDR_NONE
                0x3ffefb2c        0x8 /home/pi/git/Sming/Sming/compiler/lib//libsming.a(Digital.o)
 .bss.mqtt      0x3ffefb34      0x488 out/build/app_app.a(application.o)
                0x3ffefb34                mqtt
 .bss.MemoMessage
                0x3ffeffbc        0x4 out/build/app_app.a(application.o)
                0x3ffeffbc                MemoMessage
 .bss.Message   0x3ffeffc0        0x4 out/build/app_app.a(application.o)
                0x3ffeffc0                Message
 *fill*         0x3ffeffc4        0x4 
 .bss.procTimer
                0x3ffeffc8       0x30 out/build/app_app.a(application.o)
                0x3ffeffc8                procTimer
 .bss._ZL5ESP01
                0x3ffefff8       0x30 out/build/app_app.a(application.o)
 .bss._ZL11INADDR_NONE
                0x3fff0028        0x8 out/build/app_app.a(application.o)
 .bss.Serial    0x3fff0030       0x18 /home/pi/git/Sming/Sming/compiler/lib//libsming.a(HardwareSerial.o)
                0x3fff0030                Serial
 .bss._ZN14HardwareSerial10memberDataE
                0x3fff0048       0x18 /home/pi/git/Sming/Sming/compiler/lib//libsming.a(HardwareSerial.o)
                0x3fff0048                _ZN14HardwareSerial10memberDataE
 .bss._ZL11INADDR_NONE
                0x3fff0060        0x8 /home/pi/git/Sming/Sming/compiler/lib//libsming.a(HardwareSerial.o)
 .bss._ZL11INADDR_NONE
                0x3fff0068        0x8 /home/pi/git/Sming/Sming/compiler/lib//libsming.a(Clock.o)
 .bss._ZL5ESP01
                0x3fff0070       0x30 /home/pi/git/Sming/Sming/compiler/lib//libsming.a(MqttClient.o)
 .bss._ZL11INADDR_NONE
                0x3fff00a0        0x8 /home/pi/git/Sming/Sming/compiler/lib//libsming.a(MqttClient.o)
 .bss._ZL11INADDR_NONE
                0x3fff00a8        0x8 /home/pi/git/Sming/Sming/compiler/lib//libsming.a(TcpClient.o)
 .bss.WifiStation
                0x3fff00b0       0x24 /home/pi/git/Sming/Sming/compiler/lib//libsming.a(Station.o)
                0x3fff00b0                WifiStation
 .bss._ZL5ESP01
                0x3fff00d4       0x30 /home/pi/git/Sming/Sming/compiler/lib//libsming.a(Station.o)
 .bss._ZL11INADDR_NONE
                0x3fff0104        0x8 /home/pi/git/Sming/Sming/compiler/lib//libsming.a(Station.o)
 .bss.WifiAccessPoint
                0x3fff010c        0x8 /home/pi/git/Sming/Sming/compiler/lib//libsming.a(AccessPoint.o)
                0x3fff010c                WifiAccessPoint
 .bss._ZL5ESP01
                0x3fff0114       0x30 /home/pi/git/Sming/Sming/compiler/lib//libsming.a(AccessPoint.o)
 .bss._ZL11INADDR_NONE
                0x3fff0144        0x8 /home/pi/git/Sming/Sming/compiler/lib//libsming.a(AccessPoint.o)
 .bss._ZL11INADDR_NONE
                0x3fff014c        0x8 /home/pi/git/Sming/Sming/compiler/lib//libsming.a(CommandExecutor.o)
 .bss._ZL11INADDR_NONE
                0x3fff0154        0x8 /home/pi/git/Sming/Sming/compiler/lib//libsming.a(DataSourceStream.o)
 .bss._ZL11INADDR_NONE
                0x3fff015c        0x8 /home/pi/git/Sming/Sming/compiler/lib//libsming.a(WebSocket.o)
 .bss._ZL11INADDR_NONE
                0x3fff0164        0x8 /home/pi/git/Sming/Sming/compiler/lib//libsming.a(HttpResponse.o)
 .bss._ZL11INADDR_NONE
                0x3fff016c        0x8 /home/pi/git/Sming/Sming/compiler/lib//libsming.a(TcpConnection.o)
 .bss._ZL11INADDR_NONE
                0x3fff0174        0x8 /home/pi/git/Sming/Sming/compiler/lib//libsming.a(HttpRequest.o)
 .bss._ZL11INADDR_NONE
                0x3fff017c        0x8 /home/pi/git/Sming/Sming/compiler/lib//libsming.a(HttpServer.o)
 .bss._ZL11INADDR_NONE
                0x3fff0184        0x8 /home/pi/git/Sming/Sming/compiler/lib//libsming.a(HttpServerConnection.o)
 .bss.WDT       0x3fff018c        0x8 /home/pi/git/Sming/Sming/compiler/lib//libsming.a(WDT.o)
                0x3fff018c                WDT
 .bss.commandHandler
                0x3fff0194       0x1c /home/pi/git/Sming/Sming/compiler/lib//libsming.a(CommandHandler.o)
                0x3fff0194                commandHandler
 .bss._ZL11INADDR_NONE
                0x3fff01b0        0x8 /home/pi/git/Sming/Sming/compiler/lib//libsming.a(CommandHandler.o)
 .bss._ZL11INADDR_NONE
                0x3fff01b8        0x8 /home/pi/git/Sming/Sming/compiler/lib//libsming.a(CommandOutput.o)
 .bss._ZL11INADDR_NONE
                0x3fff01c0        0x8 /home/pi/git/Sming/Sming/compiler/lib//libsming.a(CommandDelegate.o)
 .bss._ZN11ArduinoJson10JsonObject8_invalidE
                0x3fff01c8        0x8 /home/pi/git/Sming/Sming/compiler/lib//libsming.a(ArduinoJson.o)
                0x3fff01c8                _ZN11ArduinoJson10JsonObject8_invalidE
 .bss._ZN11ArduinoJson9JsonArray8_invalidE
                0x3fff01d0        0x8 /home/pi/git/Sming/Sming/compiler/lib//libsming.a(ArduinoJson.o)
                0x3fff01d0                _ZN11ArduinoJson9JsonArray8_invalidE
 .bss.SystemClock
                0x3fff01d8       0x18 /home/pi/git/Sming/Sming/compiler/lib//libsming.a(SystemClock.o)
                0x3fff01d8                SystemClock
 .bss._ZL11INADDR_NONE
                0x3fff01f0        0x8 /home/pi/git/Sming/Sming/compiler/lib//libsming.a(SystemClock.o)
 .bss._ZL11INADDR_NONE
                0x3fff01f8        0x8 /home/pi/git/Sming/Sming/compiler/lib//libsming.a(TcpServer.o)
 .bss.RTC       0x3fff0200        0x1 /home/pi/git/Sming/Sming/compiler/lib//libsming.a(RTC.o)
                0x3fff0200                RTC
 *fill*         0x3fff0201        0x3 
 .bss._ZL5ESP01
                0x3fff0204       0x30 /home/pi/git/Sming/Sming/compiler/lib//libsming.a(DateTime.o)
 .bss._ZL11INADDR_NONE
                0x3fff0234        0x8 /home/pi/git/Sming/Sming/compiler/lib//libsming.a(DateTime.o)
 *(.gnu.linkonce.b.*)
 *(COMMON)
                0x3fff0240                . = ALIGN (0x8)
 *fill*         0x3fff023c        0x4 
                0x3fff0240                _bss_end = ABSOLUTE (.)
                0x3fff0240                _heap_start = ABSOLUTE (.)

.irom0.text     0x40209000    0x32a02
                0x40209000                _irom0_text_start = ABSOLUTE (.)
 *(.irom0.literal .irom.literal .irom.text.literal .irom0.text .irom.text)
 .irom0.text    0x40209000      0xa1d /home/pi/git/esp-open-sdk/sdk/lib/libmain.a(app_main.o)
                                0xc31 (size before relaxing)
                0x402091e8                wdt_init
                0x40209290                user_uart_wait_tx_fifo_empty
                0x40209544                user_rf_pre_init
 *fill*         0x40209a1d        0x3 
 .irom0.text    0x40209a20      0x186 /home/pi/git/esp-open-sdk/sdk/lib/libmain.a(ets_timer.o)
                                0x1b2 (size before relaxing)
                0x40209a28                ets_timer_done
                0x40209a74                ets_timer_handler_isr
                0x40209b44                ets_timer_init
 *fill*         0x40209ba6        0x2 
 .irom0.text    0x40209ba8       0xec /home/pi/git/esp-open-sdk/sdk/lib/libmain.a(mem_manager.o)
                                 0xf8 (size before relaxing)
                0x40209ba8                check_memleak_debug_enable
                0x40209c14                xPortGetFreeHeapSize
                0x40209c1c                vPortInitialiseBlocks
 .irom0.text    0x40209c94     0x3459 /home/pi/git/esp-open-sdk/sdk/lib/libmain.a(user_interface.o)
                               0x3e71 (size before relaxing)
                0x40209c98                system_set_os_print
                0x40209ca8                system_get_os_print
                0x40209e70                system_pp_recycle_rx_pkt
                0x40209e84                system_adc_read
                0x40209e9c                system_get_vdd33
                0x40209eb4                system_restart_hook
                0x40209ecc                system_restart_local
                0x40209fac                system_restart
                0x4020a008                system_restore
                0x4020a070                system_get_flash_size_map
                0x4020a090                system_get_boot_version
                0x4020a0c8                system_get_test_result
                0x4020a0f0                system_get_userbin_addr
                0x4020a188                system_get_boot_mode
                0x4020a1b8                system_restart_enhance
                0x4020a2e8                system_upgrade_userbin_set
                0x4020a334                system_upgrade_userbin_check
                0x4020a374                system_upgrade_flag_set
                0x4020a388                system_upgrade_flag_check
                0x4020a3b0                system_upgrade_reboot
                0x4020a4e4                system_deep_sleep_instant
                0x4020a67c                system_deep_sleep
                0x4020a6dc                system_deep_sleep_set_option
                0x4020a6f8                system_phy_temperature_alert
                0x4020a70c                system_phy_set_max_tpw
                0x4020a720                system_phy_set_tpw_via_vdd33
                0x4020a734                system_phy_set_rfoption
                0x4020a748                system_phy_set_powerup_option
                0x4020a760                system_update_cpu_freq
                0x4020a7bc                system_get_cpu_freq
                0x4020a7d4                system_overclock
                0x4020a800                system_restoreclock
                0x4020a830                system_timer_reinit
                0x4020a848                system_relative_time
                0x4020a86c                system_station_got_ip_set
                0x4020a998                system_print_meminfo
                0x4020a9f8                system_get_free_heap_size
                0x4020aa10                system_get_chip_id
                0x4020aa34                system_rtc_clock_cali_proc
                0x4020aa48                system_get_rtc_time
                0x4020aa5c                system_mktime
                0x4020ab2c                system_init_done_cb
                0x4020ab34                system_get_rst_info
                0x4020ab3c                system_get_data_of_array_8
                0x4020ab60                system_get_data_of_array_16
                0x4020ab88                system_get_string_from_flash
                0x4020abf4                wifi_softap_dhcps_start
                0x4020ac3c                wifi_softap_dhcps_stop
                0x4020ac7c                wifi_softap_dhcps_status
                0x4020ac84                wifi_station_dhcpc_start
                0x4020acdc                wifi_station_dhcpc_stop
                0x4020ad1c                wifi_station_dhcpc_event
                0x4020ad90                wifi_station_dhcpc_set_maxtry
                0x4020ada0                wifi_station_dhcpc_status
                0x4020ae18                wifi_get_opmode
                0x4020ae2c                wifi_get_opmode_default
                0x4020aea8                wifi_get_broadcast_if
                0x4020aee4                wifi_set_broadcast_if
                0x4020b044                wifi_set_opmode
                0x4020b058                wifi_set_opmode_current
                0x4020b06c                system_get_checksum
                0x4020b0b4                wifi_param_save_protect_with_check
                0x4020b170                system_param_save_with_protect
                0x4020b218                system_save_sys_param
                0x4020b244                system_param_load
                0x4020b37c                wifi_station_get_config
                0x4020b390                wifi_station_get_config_default
                0x4020b3b0                wifi_station_get_ap_info
                0x4020b468                wifi_station_ap_number_set
                0x4020b7cc                wifi_station_set_config
                0x4020b7e4                wifi_station_set_config_current
                0x4020b7fc                wifi_station_restore_config
                0x4020b814                wifi_station_get_current_ap_id
                0x4020b828                wifi_station_ap_check
                0x4020b870                wifi_station_ap_change
                0x4020b99c                wifi_station_scan
                0x4020b9e8                wifi_station_get_auto_connect
                0x4020b9fc                wifi_station_set_auto_connect
                0x4020ba4c                wifi_station_save_pmk2cache
                0x4020bb00                wifi_station_connect
                0x4020bb94                wifi_station_disconnect
                0x4020bc54                wifi_station_get_connect_status
                0x4020bc84                wifi_station_set_reconnect_policy
                0x4020bc9c                wifi_station_get_reconnect_policy
                0x4020bca4                wifi_station_get_rssi
                0x4020bcf4                wifi_station_set_default_hostname
                0x4020bd5c                wifi_station_get_hostname
                0x4020bd8c                wifi_station_set_hostname
                0x4020be2c                wifi_softap_cacl_mac
                0x4020be9c                wifi_softap_set_default_ssid
                0x4020c07c                wifi_softap_get_config
                0x4020c090                wifi_softap_get_config_default
                0x4020c3e4                wifi_softap_set_config
                0x4020c3f8                wifi_softap_set_config_current
                0x4020c40c                wifi_softap_set_station_info
                0x4020c478                wifi_softap_get_station_info
                0x4020c528                wifi_softap_free_station_info
                0x4020c570                wifi_softap_get_station_num
                0x4020c5c4                wifi_softap_deauth
                0x4020c674                wifi_softap_get_beacon_only_mode
                0x4020c688                wifi_softap_set_beacon_only_mode
                0x4020c6ec                wifi_register_user_ie_manufacturer_recv_cb
                0x4020c700                wifi_unregister_user_ie_manufacturer_recv_cb
                0x4020c734                wifi_set_user_ie
                0x4020c844                wifi_get_user_ie
                0x4020c878                wifi_get_phy_mode
                0x4020c880                wifi_set_phy_mode
                0x4020c948                wifi_set_sleep_type
                0x4020c964                wifi_get_sleep_type
                0x4020c97c                wifi_get_channel
                0x4020c994                wifi_set_channel
                0x4020c9d8                wifi_promiscuous_set_mac
                0x4020ca38                wifi_promiscuous_enable
                0x4020cb1c                wifi_set_promiscuous_rx_cb
                0x4020cb2c                wifi_get_ip_info
                0x4020cbac                wifi_set_ip_info
                0x4020cc20                wifi_get_macaddr
                0x4020cc80                wifi_set_macaddr
                0x4020cd9c                wifi_enable_6m_rate
                0x4020cda4                wifi_get_user_fixed_rate
                0x4020cdc4                wifi_set_user_fixed_rate
                0x4020cde4                wifi_set_user_sup_rate
                0x4020ce20                wifi_set_user_rate_limit
                0x4020ce44                wifi_get_user_limit_rate_mask
                0x4020ce4c                wifi_set_user_limit_rate_mask
                0x4020ce64                wifi_register_send_pkt_freedom_cb
                0x4020ce78                wifi_unregister_send_pkt_freedom_cb
                0x4020ce84                wifi_send_pkt_freedom
                0x4020ced0                wifi_rfid_locp_recv_open
                0x4020cee4                wifi_rfid_locp_recv_close
                0x4020cef8                wifi_register_rfid_locp_recv_cb
                0x4020cf0c                wifi_unregister_rfid_locp_recv_cb
                0x4020cf24                wifi_status_led_install
                0x4020cf58                wifi_status_led_uninstall
                0x4020cf7c                wifi_set_status_led_output_level
                0x4020cfd0                wifi_set_event_handler_cb
                0x4020d018                system_os_task
                0x4020d054                system_uart_swap
                0x4020d0b4                system_uart_de_swap
                0x4020d0e8                system_get_sdk_version
 *fill*         0x4020d0ed        0x3 
 .irom0.text    0x4020d0f0      0x610 /home/pi/git/esp-open-sdk/sdk/lib/libmain.a(eagle_lib.o)
                                0x620 (size before relaxing)
                0x4020d0f4                divide
                0x4020d130                skip_atoi
                0x4020d2b0                ets_vsnprintf
                0x4020d610                ets_vsprintf
                0x4020d634                ets_sprintf
                0x4020d65c                ets_strcat
                0x4020d67c                ets_strrchr
                0x4020d6a8                ets_strchr
                0x4020d6c0                bit_popcount
                0x4020d6dc                ets_snprintf
 .irom0.text    0x4020d700      0x2f6 /home/pi/git/esp-open-sdk/sdk/lib/libmain.a(eagle_lwip_if.o)
                                0x3b2 (size before relaxing)
                0x4020d7b8                eagle_lwip_if_alloc
                0x4020d968                eagle_lwip_if_free
                0x4020d9d4                eagle_lwip_getif
 *fill*         0x4020d9f6        0x2 
 .irom0.literal
                0x4020d9f8        0x0 /home/pi/git/Sming/Sming/compiler/lib//libmicroc.a(strchr.o)
                                  0x4 (size before relaxing)
 .irom0.literal
                0x4020d9f8        0xc /home/pi/git/Sming/Sming/compiler/lib//libmicroc.a(strchrnul.o)
 .irom0.literal
                0x4020da04        0x4 /home/pi/git/Sming/Sming/compiler/lib//libmicroc.a(malloc.o)
                                 0x14 (size before relaxing)
 .irom0.literal
                0x4020da08        0x4 /home/pi/git/Sming/Sming/compiler/lib//libmicroc.a(abort.o)
                                  0x8 (size before relaxing)
 .irom0.literal
                0x4020da0c        0x8 /home/pi/git/Sming/Sming/compiler/lib//libmicrogcc.a(_divsf3.o)
                                 0x10 (size before relaxing)
 .irom0.text    0x4020da14       0x25 /home/pi/git/Sming/Sming/compiler/lib//libmicroc.a(strchr.o)
                                 0x29 (size before relaxing)
                0x4020da14                strchr
 *fill*         0x4020da39        0x3 
 .irom0.text    0x4020da3c       0x75 /home/pi/git/Sming/Sming/compiler/lib//libmicroc.a(strchrnul.o)
                0x4020da3c                __strchrnul
                0x4020da3c                strchrnul
 *fill*         0x4020dab1        0x3 
 .irom0.text    0x4020dab4       0x65 /home/pi/git/Sming/Sming/compiler/lib//libmicroc.a(malloc.o)
                0x4020dab4                malloc
                0x4020dac8                free
                0x4020dadc                realloc
                0x4020daf0                zalloc
                0x4020db04                calloc
 *fill*         0x4020db19        0x3 
 .irom0.text    0x4020db1c       0x11 /home/pi/git/Sming/Sming/compiler/lib//libmicroc.a(abort.o)
                0x4020db1c                abort
 *fill*         0x4020db2d        0x3 
 .irom0.text    0x4020db30       0xfa /home/pi/git/esp-open-sdk/sdk/lib/libphy.a(phy.o)
                                0x11e (size before relaxing)
                0x4020db34                rf_init
                0x4020db50                bb_init
                0x4020db68                phy_init
                0x4020db98                RFChannelSel
                0x4020dbb4                phy_delete_channel
                0x4020dbcc                phy_enable_agc
                0x4020dbe4                phy_disable_agc
                0x4020dbfc                phy_initialize_bb
                0x4020dc14                phy_set_sense
 *fill*         0x4020dc2a        0x2 
 .irom0.text    0x4020dc2c     0x16f3 /home/pi/git/esp-open-sdk/sdk/lib/libphy.a(phy_chip_v6_ana.o)
                               0x18e3 (size before relaxing)
                0x4020dc30                ram_pbus_set_rxgain
                0x4020dd08                ram_pbus_debugmode
                0x4020ddbc                ram_pbus_xpd_tx_on
                0x4020de28                set_rf_freq_offset
                0x4020de9c                chip_v6_rxmax_ext_ana
                0x4020dff0                ram_chip_v6_rx_init
                0x4020e024                tsen_meas
                0x4020e0d4                readvdd33
                0x4020e2a0                txpwr_offset
                0x4020e35c                set_txcap_reg
                0x4020e3dc                ram_ana_inf_gating_en
                0x4020e53c                ram_restart_cal
                0x4020e5a8                wait_rfpll_cal_end
                0x4020e63c                ram_rfpll_set_freq
                0x4020e744                ram_set_channel_freq
                0x4020ea44                chip_60_set_channel
                0x4020ebd4                chip_v6_set_chan_offset
                0x4020ec10                chip_v6_set_chan
                0x4020eca4                chip_v6_set_chan_wakeup
                0x4020ed28                chip_v6_rf_init
                0x4020ef4c                low_power_set
                0x4020efa0                test_tout
                0x4020f118                check_data_flag
                0x4020f138                phy_get_check_flag
                0x4020f26c                phy_get_vdd33
 *fill*         0x4020f31f        0x1 
 .irom0.text    0x4020f320     0x3c2f /home/pi/git/esp-open-sdk/sdk/lib/libphy.a(phy_chip_v6.o)
                               0x4293 (size before relaxing)
                0x4020f320                ram_tx_mac_enable
                0x4020f324                ram_tx_mac_disable
                0x4020f328                rtc_mem_backup
                0x4020f358                rtc_mem_recovery
                0x4020f388                set_cal_rxdc
                0x4020f43c                set_rx_gain_cal_iq
                0x4020f798                gen_rx_gain_table
                0x4020f8f0                pbus_set_rxbbgain
                0x4020f970                set_rx_gain_testchip_50
                0x4020fca4                ram_get_corr_power
                0x4020fd94                check_data_func
                0x4020fdb4                do_noisefloor_lsleep_v50
                0x4020fde8                do_noisefloor
                0x4020fe58                start_dig_rx
                0x4020fe9c                stop_dig_rx
                0x4020fec8                chip_v6_set_chanfreq
                0x4020fef4                tx_cap_init
                0x402100a8                target_power_add_backoff
                0x402100f8                tx_pwctrl_init_cal
                0x40210260                tx_atten_set_interp
                0x402104d0                tx_pwctrl_init
                0x402105c4                ram_get_noisefloor
                0x402105e0                get_noisefloor_sat
                0x40210610                ram_set_noise_floor
                0x4021066c                ram_start_noisefloor
                0x402106b8                read_hw_noisefloor
                0x402106e4                noise_check_loop
                0x40210840                noise_init
                0x40210a40                target_power_backoff
                0x40210a94                sdt_on_noise_start
                0x40210b14                chip_v6_set_chan_rx_cmp
                0x40210ca0                chip_v6_set_chan_misc
                0x40210d34                phy_dig_spur_set
                0x4021108c                phy_dig_spur_prot
                0x402112c4                chip_v6_rxmax_ext_dig
                0x40211310                chip_v6_rxmax_ext
                0x402113c4                phy_bb_rx_cfg
                0x402117cc                uart_wait_idle
                0x40211804                phy_pbus_soc_cfg
                0x402118c4                phy_gpio_cfg
                0x40211c0c                tx_cont_en
                0x40211cb0                tx_cont_dis
                0x40211d04                tx_cont_cfg
                0x40211d24                chip_v6_initialize_bb
                0x40211e8c                periodic_cal
                0x40211f6c                bbpll_cal
                0x40212004                periodic_cal_top
                0x40212064                register_chipv6_phy_init_param
                0x40212308                change_bbpll160_sleep
                0x40212434                change_bbpll160
                0x4021246c                set_crystal_uart
                0x40212504                ant_switch_init
                0x402125b0                reduce_current_init
                0x40212618                rtc_mem_check
                0x40212654                phy_afterwake_set_rfoption
                0x40212674                deep_sleep_set_option
                0x402126a0                write_data_to_rtc
                0x402126d8                get_data_from_rtc
                0x40212760                register_chipv6_phy
                0x40212b70                set_dpd_bypass
                0x40212b98                set_rf_gain_stage10
                0x40212bc8                get_vdd33_offset
                0x40212c3c                get_phy_target_power
                0x40212cf0                set_most_pwr_reg
                0x40212dc4                phy_set_most_tpw
                0x40212de4                phy_vdd33_set_tpw
                0x40212dfc                get_adc_rand
                0x40212e30                phy_get_rand
                0x40212e48                phy_tx_pwctrl_cali
                0x40212e70                phy_check_data_table
                0x40212eac                phy_after_init_enrx
                0x40212f10                phy_set_rx11b_reg
                0x40212f44                phy_set_powerup_option
 *fill*         0x40212f4f        0x1 
 .irom0.text    0x40212f50     0x21ac /home/pi/git/esp-open-sdk/sdk/lib/libphy.a(phy_chip_v6_cal.o)
                               0x23ec (size before relaxing)
                0x40212f50                txbbgain2dcoindex
                0x40212f70                dcoindex2txbbgain
                0x40212f94                init_cal_dcoffset
                0x40213058                set_rfanagain_dc_reg
                0x402130f4                set_txdc_pbus
                0x40213160                get_rf_gain_qdb
                0x40213188                correct_rf_ana_gain
                0x40213290                get_sar_dout
                0x40213328                cal_rf_ana_gain
                0x40213400                meas_tone_pwr_db
                0x40213470                tx_pwr_backoff
                0x402135bc                get_fcc_1m2m_pwr_offset
                0x402135f8                ram_set_txbb_atten
                0x4021368c                txiq_get_mis_pwr
                0x40213730                txiq_cover
                0x4021394c                ram_rfcal_txiq
                0x40213bbc                rc_cal
                0x40213d7c                get_target_power_offset
                0x40213e84                get_pwctrl_correct
                0x40213ee0                tx_pwctrl_cal
                0x40214270                tx_pwctrl_bg_init
                0x402142e8                tx_pwctrl_background
                0x402143c0                read_sar_dout
                0x40214424                ram_get_fm_sar_dout
                0x402144c8                ram_cal_tos_v60
                0x402146a8                ram_get_bb_atten
                0x402146d8                ram_rfcal_txcap
                0x4021489c                ram_rfcal_pwrctrl
                0x40214ab8                ram_rxiq_get_mis
                0x40214c88                ram_rxiq_cover_mg_mp
                0x40214e2c                ram_rfcal_rxiq
                0x40215038                dpd_scale_set
                0x40215080                dpd_mem_write
 .irom0.text    0x402150fc      0xd82 /home/pi/git/esp-open-sdk/sdk/lib/libphy.a(phy_sleep.o)
                                0xfaa (size before relaxing)
                0x402150fc                pm_usec2rtc
                0x40215130                pm_rtc2usec
                0x40215140                pm_set_sleep_cycles
                0x40215168                pm_sleep_opt
                0x40215280                pm_wakeup_opt
                0x402152b8                get_chip_version
                0x402152f8                pm_sleep_opt_bb_off
                0x40215338                pm_sleep_opt_bb_on
                0x40215384                pm_set_pll_xtal_wait_time
                0x402153cc                pm_prepare_to_sleep
                0x402153f0                pm_sdio_nidle
                0x40215464                chg_lslp_mem_opt_8266
                0x40215494                pm_goto_sleep
                0x402155e0                pm_wait4wakeup
                0x4021561c                pm_open_rf
                0x40215660                pm_sleep_set_mac
                0x402156e4                pm_set_wakeup_mac
                0x40215780                pm_check_mac_idle
                0x402157d8                pm_set_sleep_btco
                0x40215878                pm_set_wakeup_btco
                0x40215990                pm_set_sleep_mode
                0x40215aac                pm_unmask_bt
                0x40215b14                pm_wakeup_init
                0x40215d24                sleep_opt_8266
                0x40215d44                sleep_opt_bb_on_8266
                0x40215d7c                sleep_reset_analog_rtcreg_8266
 *fill*         0x40215e7e        0x2 
 .irom0.text    0x40215e80      0x469 /home/pi/git/esp-open-sdk/sdk/lib/libpp.a(if_hwctrl.o)
                                0x581 (size before relaxing)
                0x40215ea0                ic_get_addr
                0x40215eac                ic_set_opmode
                0x40215ec0                ic_enable_interface
                0x40215f10                ic_interface_enabled
                0x40215f24                ic_disable_interface
                0x40215f6c                ic_is_pure_sta
                0x40215f88                ic_get_ptk_alg
                0x40215f98                ic_get_gtk_alg
                0x40215fa8                ic_set_ptk_alg
                0x40215fb8                ic_set_gtk_alg
                0x40215fc8                ic_interface_is_p2p
                0x40216060                ic_set_vif
                0x40216120                ic_set_sta
                0x402161f8                ic_bss_info_update
                0x40216254                ic_set_key
                0x402162b0                ic_remove_key
                0x402162c4                ic_get_rssi
 *fill*         0x402162e9        0x3 
 .irom0.text    0x402162ec      0x100 /home/pi/git/esp-open-sdk/sdk/lib/libpp.a(lmac.o)
                                0x118 (size before relaxing)
                0x402162f0                lmacInitAc
                0x40216324                lmacInit
                0x402163d0                lmacSetRetryLimit
 .irom0.text    0x402163ec     0x1851 /home/pi/git/esp-open-sdk/sdk/lib/libpp.a(pm.o)
                               0x1d31 (size before relaxing)
                0x402163f4                pm_rtc_clock_cali_proc
                0x4021642c                pm_get_ck170_period
                0x40216450                pm_set_sleep_time
                0x402167b0                pm_rf_is_closed
                0x402167e0                pm_set_sleep_type_from_upper
                0x402168d0                pm_get_sleep_type
                0x40216a54                uart_tx_flush
                0x40216a58                pm_suspend
                0x40216c78                pm_shutdown
                0x40216d40                pm_reset_idle_sleep
                0x40216d80                pm_idle_sleep
                0x40216d8c                pm_open
                0x40216e54                pm_onBcnRx
                0x402171bc                StopLightSleepSetFunc
                0x402171c4                LightSleepWakedCbSetFunc
                0x402176c4                pm_enable_gpio_wakeup
                0x402176fc                pm_attach
                0x402177ec                pm_send_nullfunc
                0x40217974                pm_is_waked
                0x4021798c                pm_is_open
                0x402179a4                pm_scan_lock
                0x402179cc                pm_try_scan_unlock
                0x402179e4                pm_force_scan_unlock
                0x40217a60                pm_scan_unlocked
                0x40217a74                pm_allow_tx
                0x40217a90                pm_assoc_parse
                0x40217aa8                pm_set_addr
                0x40217ac8                pm_sleep_for
                0x40217af8                pm_post
                0x40217bfc                pm_get_idle_wait_time
 *fill*         0x40217c3d        0x3 
 .irom0.text    0x40217c40      0xa91 /home/pi/git/esp-open-sdk/sdk/lib/libpp.a(pm_for_bcn_only_mode.o)
                                0xe19 (size before relaxing)
                0x40217c54                wifi_fpm_set_sleep_type
                0x40217c54                fpm_set_type_from_upper
                0x40217d10                wifi_fpm_get_sleep_type
                0x40217d10                fpm_get_slp_type
                0x40217d18                fpm_rf_is_closed
                0x40217d2c                fpm_is_open
                0x40217d38                fpm_allow_tx
                0x40217d5c                wifi_fpm_close
                0x40217d5c                fpm_close
                0x40217dd8                wifi_fpm_open
                0x40217dd8                fpm_open
                0x40217e40                fpm_attach
                0x40218024                wifi_fpm_set_wakeup_cb
                0x40218024                fpm_set_wakeup_cb
                0x40218194                wifi_fpm_do_wakeup
                0x40218194                fpm_do_wakeup
                0x40218658                fpm_do_sleep
                0x40218658                wifi_fpm_do_sleep
 *fill*         0x402186d1        0x3 
 .irom0.text    0x402186d4     0x15b2 /home/pi/git/esp-open-sdk/sdk/lib/libpp.a(pp.o)
                               0x1992 (size before relaxing)
                0x402186e0                PPWdtReset
                0x40218714                pp_soft_wdt_init
                0x40218734                system_soft_wdt_feed
                0x40218734                pp_soft_wdt_feed
                0x40218750                pp_soft_wdt_stop
                0x40218750                system_soft_wdt_stop
                0x4021877c                pp_soft_wdt_restart
                0x4021877c                system_soft_wdt_restart
                0x402187b4                RxNodeNum
                0x402187cc                TxNodeNum
                0x402187f0                pp_disable_noise_timer
                0x40218810                pp_enable_noise_timer
                0x40218920                pp_noise_test
                0x40218930                reset_noise_timer
                0x40218968                pp_disable_idle_timer
                0x4021898c                pp_enable_idle_timer
                0x402189b4                pp_try_enable_idle_timer
                0x402189f0                ppPeocessRxPktHdr
                0x40218d24                HdlAllBuffedEb
                0x40218dac                ppTxPkt
                0x40218f24                ppProcessWaitQ
                0x40218f34                ppRegisterTxCallback
                0x40218f5c                ppUnregisterTxCallback
                0x40218f90                ppRecycleRxPkt
                0x40218ff0                ppCheckTxIdle
                0x40219268                pp_tx_idle_timeout
                0x40219424                DefFreqCalTimerCB
                0x402197a4                ppGetTxQFirstAvail_Locked
                0x40219884                pp_attach
 *fill*         0x40219c86        0x2 
 .irom0.text    0x40219c88      0x296 /home/pi/git/esp-open-sdk/sdk/lib/libpp.a(rate_control.o)
                                0x2a2 (size before relaxing)
                0x40219ed4                RC_SetBasicRate
 *fill*         0x40219f1e        0x2 
 .irom0.text    0x40219f20      0x5e9 /home/pi/git/esp-open-sdk/sdk/lib/libpp.a(trc.o)
                                0x64d (size before relaxing)
                0x40219f20                phytype2mode
                0x40219f3c                rc_set_rate_limit_id
                0x4021a058                rcUpdatePhyMode
                0x4021a224                rcAttach
                0x4021a270                rcGetTrc
                0x4021a278                trc_onDisconnect
                0x4021a27c                trc_onScanStart
                0x4021a290                trc_onScanDone
                0x4021a2ac                rc_enable_trc
                0x4021a384                rc_get_mask
                0x4021a398                rc_disable_trc
                0x4021a3ec                rc_disable_trc_by_interface
                0x4021a408                rc_get_sta_trc
                0x4021a44c                rc_get_trc
                0x4021a4bc                rc_get_trc_by_index
                0x4021a4dc                rc_only_sta_trc
 *fill*         0x4021a509        0x3 
 .irom0.text    0x4021a50c      0xaf7 /home/pi/git/esp-open-sdk/sdk/lib/libpp.a(wdev.o)
                                0xc53 (size before relaxing)
                0x4021a518                wDev_Option_Init
                0x4021a60c                wDev_Enable_Beacon_Tsf
                0x4021a628                wDev_Disable_Beacon_Tsf
                0x4021a644                wDev_Set_Beacon_Int
                0x4021a64c                wDev_Reset_TBTT
                0x4021a67c                wDev_Get_Next_TBTT
                0x4021a8f8                wDev_Initialize
                0x4021a968                wDevForceAck6M
                0x4021a984                wDev_SetMacAddress
                0x4021aa20                wDev_SetRxPolicy
                0x4021aa74                wDev_SetBssid
                0x4021ab4c                wDev_ClearBssid
                0x4021ab84                wDev_Insert_KeyEntry
                0x4021ac78                wDev_remove_KeyEntry
                0x4021acb4                wDev_remove_KeyEntry_all_cnx
                0x4021ad04                wDev_Crypto_Conf
                0x4021ada0                wDev_Crypto_Disable
                0x4021add8                wDevEnableRx
                0x4021ae00                wdev_go_sniffer
                0x4021aedc                wdev_set_sniffer_addr
                0x4021af34                wdev_exit_sniffer
 *fill*         0x4021b003        0x1 
 .irom0.text    0x4021b004      0x3ed /home/pi/git/esp-open-sdk/sdk/lib/libpp.a(esf_buf.o)
                                0x4c1 (size before relaxing)
                0x4021b00c                esf_buf_alloc
                0x4021b1f4                esf_buf_recycle
                0x4021b334                esf_buf_setup
 *fill*         0x4021b3f1        0x3 
 .irom0.text    0x4021b3f4      0x475 /home/pi/git/esp-open-sdk/sdk/lib/libnet80211.a(ieee80211.o)
                                0x545 (size before relaxing)
                0x4021b478                ieee80211_rate_ref_init
                0x4021b48c                ieee80211_freedom_inside_cb
                0x4021b4bc                ieee80211_freedom_init
                0x4021b4e0                ieee80211_user_ie_init
                0x4021b4fc                ieee80211_ifattach
                0x4021b560                ieee80211_mhz2ieee
                0x4021b5bc                ieee80211_chan2ieee
                0x4021b5d8                ieee80211_ieee2mhz
                0x4021b618                ieee80211_find_channel
                0x4021b644                ieee80211_find_channel_byieee
                0x4021b694                wifi_mode_set
 *fill*         0x4021b869        0x3 
 .irom0.text    0x4021b86c       0xcf /home/pi/git/esp-open-sdk/sdk/lib/libnet80211.a(ieee80211_crypto.o)
                                 0xd7 (size before relaxing)
                0x4021b86c                ieee80211_crypto_attach
                0x4021b870                ieee80211_crypto_available
                0x4021b874                ieee80211_crypto_setkey
                0x4021b878                ieee80211_crypto_encap
                0x4021b8d0                ieee80211_crypto_decap
 *fill*         0x4021b93b        0x1 
 .irom0.text    0x4021b93c       0x4c /home/pi/git/esp-open-sdk/sdk/lib/libnet80211.a(ieee80211_ets.o)
                                 0x50 (size before relaxing)
                0x4021b940                ieee80211_getmgtframe
 .irom0.text    0x4021b988     0x1a08 /home/pi/git/esp-open-sdk/sdk/lib/libnet80211.a(ieee80211_hostap.o)
                               0x1f77 (size before relaxing)
                0x4021bfac                ieee80211_hostap_attach
                0x4021c0a8                hostap_handle_timer
                0x4021c140                hostap_input
                0x4021d08c                wifi_softap_start
                0x4021d1f8                wifi_softap_stop
 *fill*         0x4021d390        0x0 
 .irom0.text    0x4021d390      0xa82 /home/pi/git/esp-open-sdk/sdk/lib/libnet80211.a(ieee80211_ht.o)
                                0xb4e (size before relaxing)
                0x4021d3a0                ieee80211_ht_attach
                0x4021d3f4                ieee80211_ht_node_init
                0x4021d434                ieee80211_ht_node_cleanup
                0x4021d46c                ieee80211_parse_htcap
                0x4021d550                ieee80211_ht_updateparams
                0x4021d664                ieee80211_setup_htrates
                0x4021d730                ieee80211_setup_basic_htrates
                0x4021da7c                ieee80211_add_htcap
                0x4021da98                ieee80211_add_htcap_vendor
                0x4021dbbc                ieee80211_add_htinfo
                0x4021dbd8                ieee80211_add_htinfo_vendor
 *fill*         0x4021de12        0x2 
 .irom0.text    0x4021de14      0xa8c /home/pi/git/esp-open-sdk/sdk/lib/libnet80211.a(ieee80211_input.o)
                                0xb1c (size before relaxing)
                0x4021de14                ieee80211_deliver_data
                0x4021de68                ieee80211_decap
                0x4021df6c                ieee80211_setup_rates
                0x4021dfdc                ieee80211_alloc_challenge
                0x4021e018                ieee80211_parse_beacon
                0x4021e5ec                ieee80211_parse_wpa
                0x4021e700                ieee80211_parse_rsn
                0x4021e800                ieee80211_parse_action
                0x4021e89c                ieee80211_setup_rateset
 .irom0.text    0x4021e8a0      0x2a6 /home/pi/git/esp-open-sdk/sdk/lib/libnet80211.a(ieee80211_mesh_quick.o)
                                0x302 (size before relaxing)
                0x4021e8ac                ieee80211_mesh_quick_init
                0x4021e91c                ieee80211_mesh_quick_deinit
                0x4021e94c                ieee80211_mesh_quick_set
                0x4021ea48                ieee80211_mesh_quick_get
                0x4021eb14                ieee80211_mesh_quick_ie_add
 *fill*         0x4021eb46        0x2 
 .irom0.text    0x4021eb48     0x1c46 /home/pi/git/esp-open-sdk/sdk/lib/libnet80211.a(ieee80211_output.o)
                               0x1fe2 (size before relaxing)
                0x4021eb4c                ieee80211_output_pbuf
                0x4021edbc                ieee80211_send_setup
                0x4021eef0                ieee80211_mgmt_output
                0x4021efd4                ieee80211_tx_mgt_cb
                0x4021efd8                ieee80211_send_nulldata
                0x4021f448                ieee80211_add_rates
                0x4021f498                ieee80211_add_xrates
                0x4021f568                ieee80211_send_probereq
                0x4021f77c                ieee80211_getcapinfo
                0x4021f7d8                ieee80211_send_mgmt
                0x4021fd78                ieee80211_alloc_proberesp
                0x4021ff50                ieee80211_send_proberesp
                0x40220098                ieee80211_alloc_deauth
                0x402200d8                ieee80211_send_deauth
                0x40220214                ieee80211_freedom_output
                0x402205f8                ieee80211_beacon_alloc
 *fill*         0x4022078e        0x2 
 .irom0.text    0x40220790       0xe0 /home/pi/git/esp-open-sdk/sdk/lib/libnet80211.a(ieee80211_phy.o)
                                0x108 (size before relaxing)
                0x40220790                ieee80211_phy_init
                0x402207c4                ieee80211_phy_type_get
                0x402207e0                ieee80211_setup_ratetable
 .irom0.text    0x40220870      0x1b6 /home/pi/git/esp-open-sdk/sdk/lib/libnet80211.a(ieee80211_power.o)
                                0x1f2 (size before relaxing)
                0x40220870                ieee80211_psq_init
                0x40220890                ieee80211_psq_cleanup
                0x40220898                ieee80211_set_tim
                0x402208d8                ieee80211_pwrsave
                0x40220940                pwrsave_flushq
                0x402209f0                ieee80211_node_pwrsave
 *fill*         0x40220a26        0x2 
 .irom0.text    0x40220a28      0x101 /home/pi/git/esp-open-sdk/sdk/lib/libnet80211.a(ieee80211_proto.o)
                                0x129 (size before relaxing)
                0x40220a2c                ieee80211_proto_attach
                0x40220a54                ieee80211_set_shortslottime
                0x40220a70                ieee80211_iserp_rateset
                0x40220aa4                ieee80211_wme_initparams
                0x40220aa8                ieee80211_wme_updateparams
                0x40220ab0                ieee80211_mlme_connect_bss
 *fill*         0x40220b29        0x3 
 .irom0.text    0x40220b2c       0xaa /home/pi/git/esp-open-sdk/sdk/lib/libnet80211.a(ieee80211_rfid.o)
                                 0xd6 (size before relaxing)
                0x40220b2c                ieee80211_rfid_locp_recv_open
                0x40220b64                ieee80211_rfid_locp_recv_close
                0x40220b7c                ieee80211_rfid_locp_recv_reset
                0x40220b9c                ieee80211_rfid_locp_recv
                0x40220bb8                register_ieee80211_rfid_locp_recv_cb
                0x40220bcc                unregister_ieee80211_rfid_locp_recv_cb
 *fill*         0x40220bd6        0x2 
 .irom0.text    0x40220bd8      0xf55 /home/pi/git/esp-open-sdk/sdk/lib/libnet80211.a(ieee80211_scan.o)
                               0x12a1 (size before relaxing)
                0x40220be4                ieee80211_scan_attach
                0x40220c78                scan_start
                0x40220e3c                scan_pm_channel_op_cb
                0x40220fdc                scan_cancel
                0x40221138                scan_add_bssid
                0x4022115c                scan_remove_bssid
                0x40221168                scan_hidden_ssid
                0x40221170                scan_add_probe_ssid
                0x402211c4                scan_remove_probe_ssid
                0x40221300                scan_clear_channles
                0x40221374                scan_set_desChan
                0x40221380                scan_get_type
                0x40221388                cannel_scan_connect_state
                0x402213a0                scan_connect_state
                0x402213e8                scan_check_hidden
                0x40221414                scan_profile_check
                0x402217bc                scan_parse_beacon
 *fill*         0x40221b2d        0x3 
 .irom0.text    0x40221b30     0x1026 /home/pi/git/esp-open-sdk/sdk/lib/libnet80211.a(ieee80211_sta.o)
                               0x12b1 (size before relaxing)
                0x40221b8c                sta_status_set
                0x40221bf8                ieee80211_sta_new_state
                0x40221f70                sta_input
                0x402224bc                ieee80211_parse_wmeparams
                0x40222aac                wifi_station_start
                0x40222b1c                wifi_station_stop
 *fill*         0x40222b56        0x2 
 .irom0.text    0x40222b58      0x29e /home/pi/git/esp-open-sdk/sdk/lib/libnet80211.a(wl_chm.o)
                                0x31e (size before relaxing)
                0x40222b64                chm_init
                0x40222bc8                chm_acquire_lock
                0x40222c0c                chm_release_lock
                0x40222c20                chm_start_op
                0x40222cc4                chm_end_op
                0x40222d0c                chm_cancel_op
                0x40222d40                chm_return_home_channel
                0x40222d70                chm_set_current_channel
                0x40222da0                chm_freq2index
                0x40222dc8                chm_check_same_channel
 *fill*         0x40222df6        0x2 
 .irom0.text    0x40222df8     0x17bd /home/pi/git/esp-open-sdk/sdk/lib/libnet80211.a(wl_cnx.o)
                               0x1d31 (size before relaxing)
                0x40222e04                cnx_attach
                0x40222e44                cnx_sta_connect_led_timer_cb
                0x40222e98                cnx_sta_connect_cmd
                0x40222f54                cnx_sta_scan_cmd
                0x402231b0                cnx_connect_timeout
                0x4022322c                cnx_auth_timeout
                0x40223250                cnx_assoc_timeout
                0x40223274                cnx_handshake_timeout
                0x402232b4                cnx_start_handoff_cb
                0x40223714                cnx_bss_alloc
                0x402237b4                cnx_rc_search
                0x40223834                cnx_add_rc
                0x402238a0                cnx_remove_all_rc
                0x402238ec                cnx_remove_rc
                0x402239bc                cnx_rc_update_rssi
                0x40223a44                cnx_rc_update_state_metric
                0x40223ab0                cnx_rc_update_age
                0x40223ad4                cnx_update_bss
                0x40223b08                cnx_update_bss_more
                0x40223ce4                cnx_sta_leave
                0x40223f78                cnx_sta_associated
                0x40224080                cnx_node_alloc
                0x402240f4                cnx_node_remove
                0x40224180                cnx_node_search
                0x402241fc                cnx_node_leave
                0x402242fc                wifi_softap_staconnected_event_policy
                0x40224324                wifi_softap_toomany_deny
                0x40224360                cnx_node_join
 *fill*         0x402245b5        0x3 
 .irom0.text    0x402245b8      0x16f /home/pi/git/esp-open-sdk/sdk/lib/libnet80211.a(ieee80211_action.o)
                                0x193 (size before relaxing)
                0x402245c8                ieee80211_send_action_register
                0x402245fc                ieee80211_send_action_unregister
                0x40224610                ieee80211_send_action
                0x4022467c                ieee80211_recv_action_register
                0x402246b0                ieee80211_recv_action_unregister
                0x402246c4                ieee80211_recv_action
 *fill*         0x40224727        0x1 
 .irom0.text    0x40224728      0x479 /home/pi/git/esp-open-sdk/sdk/lib/libnet80211.a(ieee80211_action_vendor.o)
                                0x505 (size before relaxing)
                0x4022472c                get_iav_key
                0x4022474c                register_ieee80211_action_vendor_get_key_cb
                0x40224760                unregister_ieee80211_action_vendor_get_key_cb
                0x40224774                ieee80211_add_action_vendor_spec_esp
                0x402247bc                ieee80211_alloc_action_vendor_spec
                0x402248a8                ieee80211_send_action_vendor_spec
                0x40224a3c                ieee80211_recv_action_vendor_spec
                0x40224b44                ieee80211_action_vendor_spec_attach
                0x40224b84                register_ieee80211_action_vendor_spec_cb
                0x40224b98                unregister_ieee80211_action_vendor_spec_cb
 *fill*         0x40224ba1        0x3 
 .irom0.text    0x40224ba4      0x15d /home/pi/git/esp-open-sdk/sdk/lib/libnet80211.a(ieee80211_crypto_ccmp.o)
                                0x165 (size before relaxing)
 *fill*         0x40224d01        0x3 
 .irom0.text    0x40224d04      0x23d /home/pi/git/esp-open-sdk/sdk/lib/libnet80211.a(ieee80211_ie_vendor.o)
                                0x25d (size before relaxing)
                0x40224d08                ieee80211_add_ie_vendor_esp_head
                0x40224d40                ieee80211_add_ie_vendor_esp_mesh_assoc
                0x40224dc4                ieee80211_add_ie_vendor_esp_mesh_group
                0x40224df4                ieee80211_add_ie_vendor_esp_simple_pair
                0x40224e44                ieee80211_add_ie_vendor_esp_freq_annon
                0x40224e7c                ieee80211_add_ie_vendor_esp_now
                0x40224eb4                ieee80211_add_ie_vendor_esp_ssid
                0x40224ef4                ieee80211_add_ie_vendor_esp_manufacturer
 *fill*         0x40224f41        0x3 
 .irom0.text    0x40224f44     0x13b2 /home/pi/git/esp-open-sdk/sdk/lib/liblwip.a(dhcp.o)
                               0x159e (size before relaxing)
                0x402251c0                dhcp_coarse_tmr
                0x4022520c                dhcp_fine_tmr
                0x40225464                dhcp_set_struct
                0x4022548c                dhcp_cleanup
                0x402254b8                dhcp_start
                0x40225570                dhcp_inform
                0x4022561c                dhcp_network_changed
                0x40225664                dhcp_arp_reply
                0x40225960                dhcp_renew
                0x40225bd4                dhcp_release
                0x40225c94                dhcp_stop
 *fill*         0x402262f6        0x2 
 .irom0.text    0x402262f8      0xcd7 /home/pi/git/esp-open-sdk/sdk/lib/liblwip.a(dhcpserver.o)
                                0xebf (size before relaxing)
                0x402262f8                node_insert_to_list
                0x40226330                node_remove_from_list
                0x40226c58                dhcps_start
                0x40226cc0                dhcps_stop
                0x40226d2c                wifi_softap_set_dhcps_lease
                0x40226e18                wifi_softap_get_dhcps_lease
                0x40226eb0                dhcps_coarse_tmr
                0x40226f28                wifi_softap_set_dhcps_offer_option
                0x40226f6c                wifi_softap_set_dhcps_lease_time
                0x40226f9c                wifi_softap_reset_dhcps_lease_time
                0x40226fc8                wifi_softap_get_dhcps_lease_time
 *fill*         0x40226fcf        0x1 
 .irom0.text    0x40226fd0      0x5c3 /home/pi/git/esp-open-sdk/sdk/lib/liblwip.a(dns.o)
                                0x677 (size before relaxing)
                0x40226fdc                dns_init
                0x4022701c                dns_setserver
                0x4022703c                dns_getserver
                0x40227050                dns_tmr
                0x4022753c                dns_gethostbyname
 *fill*         0x40227593        0x1 
 .irom0.text    0x40227594      0xfe8 /home/pi/git/esp-open-sdk/sdk/lib/liblwip.a(espconn_tcp.o)
                               0x130c (size before relaxing)
                0x4022767c                espconn_kill_oldest_pcb
                0x40227700                espconn_kill_pcb
                0x4022777c                espconn_find_current_pcb
                0x40227a90                espconn_tcp_sent
                0x40227b48                espconn_tcp_disconnect
                0x40227bf0                espconn_recv_hold
                0x40227c34                espconn_recv_unhold
                0x40227d40                espconn_tcp_write
                0x40227f70                espconn_tcp_client
                0x40228418                espconn_tcp_server
                0x402284d4                espconn_tcp_delete
                0x40228560                espconn_init
 .irom0.text    0x4022857c      0x8cf /home/pi/git/esp-open-sdk/sdk/lib/liblwip.a(etharp.o)
                                0x9b7 (size before relaxing)
                0x402285b0                etharp_tmr
                0x402287dc                etharp_cleanup_netif
                0x40228818                etharp_find_addr
                0x40228a6c                etharp_output
                0x40228b80                etharp_query
                0x40228db0                etharp_request
                0x40228dd4                ethernet_input
 *fill*         0x40228e4b        0x1 
 .irom0.text    0x40228e4c       0x40 /home/pi/git/esp-open-sdk/sdk/lib/liblwip.a(init.o)